[03.04.2026 20:59:57] INFO : Инициализировано Flask-приложение
[03.04.2026 20:59:57] DEBUG : Приложение запущено в обычном режиме из директории: C:\Users\user\Desktop\testperewdev-main\testsit-
[03.04.2026 20:59:57] INFO : Папка для загрузок: C:\Users\user\Desktop\testperewdev-main\testsit-\uploads
[03.04.2026 21:01:21] INFO : Инициализировано Flask-приложение
[03.04.2026 21:01:21] DEBUG : Приложение запущено в обычном режиме из директории: C:\Users\user\Desktop\testperewdev-main\testsit-
[03.04.2026 21:01:21] INFO : Папка для загрузок: C:\Users\user\Desktop\testperewdev-main\testsit-\uploads
[03.04.2026 21:01:21] INFO : Инициализировано Flask-приложение
[03.04.2026 21:01:21] DEBUG : Приложение запущено в обычном режиме из директории: C:\Users\user\Desktop\testperewdev-main\testsit-
[03.04.2026 21:01:21] INFO : Папка для загрузок: C:\Users\user\Desktop\testperewdev-main\testsit-\uploads
[03.04.2026 21:01:30] INFO : Доступ к главной странице
[03.04.2026 21:04:49] INFO : Инициализировано Flask-приложение
[03.04.2026 21:04:49] DEBUG : Приложение запущено в обычном режиме из директории: C:\Users\user\Desktop\testperewdev-main\testsit-
[03.04.2026 21:04:49] INFO : Папка для загрузок: C:\Users\user\Desktop\testperewdev-main\testsit-\uploads
[03.04.2026 21:04:49] INFO : Инициализировано Flask-приложение
[03.04.2026 21:04:49] DEBUG : Приложение запущено в обычном режиме из директории: C:\Users\user\Desktop\testperewdev-main\testsit-
[03.04.2026 21:04:49] INFO : Папка для загрузок: C:\Users\user\Desktop\testperewdev-main\testsit-\uploads
[03.04.2026 21:04:59] INFO : Доступ к главной странице
[03.04.2026 21:05:00] DEBUG : Вызов функции get_recent_files с аргументами: (), {}
[03.04.2026 21:05:00] INFO : Запрос списка недавних файлов из MinIO
[03.04.2026 21:05:00] DEBUG : Список недавних файлов ещё не создан
[03.04.2026 21:05:05] DEBUG : Вызов функции get_recent_files с аргументами: (), {}
[03.04.2026 21:05:05] INFO : Запрос списка недавних файлов из MinIO
[03.04.2026 21:05:05] DEBUG : Список недавних файлов ещё не создан
[03.04.2026 21:05:29] DEBUG : Вызов функции get_recent_files с аргументами: (), {}
[03.04.2026 21:05:29] INFO : Запрос списка недавних файлов из MinIO
[03.04.2026 21:05:29] DEBUG : Список недавних файлов ещё не создан
[03.04.2026 21:18:45] INFO : Инициализировано Flask-приложение
[03.04.2026 21:18:45] DEBUG : Приложение запущено в обычном режиме из директории: C:\Users\user\Desktop\testperewdev-main\testsit-
[03.04.2026 21:18:45] INFO : Папка для загрузок: C:\Users\user\Desktop\testperewdev-main\testsit-\uploads
[03.04.2026 21:18:45] INFO : Инициализировано Flask-приложение
[03.04.2026 21:18:45] DEBUG : Приложение запущено в обычном режиме из директории: C:\Users\user\Desktop\testperewdev-main\testsit-
[03.04.2026 21:18:45] INFO : Папка для загрузок: C:\Users\user\Desktop\testperewdev-main\testsit-\uploads
[04.04.2026 07:29:12] INFO : Инициализировано Flask-приложение
[04.04.2026 07:29:12] DEBUG : Приложение запущено в обычном режиме из директории: C:\Users\user\Desktop\testperewdev-main\testsit-
[04.04.2026 07:29:12] INFO : Папка для загрузок: C:\Users\user\Desktop\testperewdev-main\testsit-\uploads
[04.04.2026 07:41:16] INFO : Инициализировано Flask-приложение
[04.04.2026 07:41:16] DEBUG : Приложение запущено в обычном режиме из директории: C:\Users\user\Desktop\testperewdev-main\testsit-
[04.04.2026 07:41:16] INFO : Папка для загрузок: C:\Users\user\Desktop\testperewdev-main\testsit-\uploads
[04.04.2026 07:41:17] INFO : Инициализировано Flask-приложение
[04.04.2026 07:41:17] DEBUG : Приложение запущено в обычном режиме из директории: C:\Users\user\Desktop\testperewdev-main\testsit-
[04.04.2026 07:41:17] INFO : Папка для загрузок: C:\Users\user\Desktop\testperewdev-main\testsit-\uploads
[04.04.2026 07:41:47] DEBUG : Вызов функции get_recent_files с аргументами: (), {}
[04.04.2026 07:41:47] INFO : Запрос списка недавних файлов из MinIO
[04.04.2026 07:41:47] DEBUG : Вызов функции list_projects с аргументами: (), {}
[04.04.2026 07:41:47] INFO : Запрос списка проектов из MinIO
[04.04.2026 07:41:47] DEBUG : Список недавних файлов ещё не создан
[04.04.2026 07:41:47] INFO : Найдено 0 проектов в MinIO
[04.04.2026 07:41:47] DEBUG : Вызов функции save_project с аргументами: (), {}
[04.04.2026 07:41:47] INFO : Запрос на сохранение проекта в MinIO
[04.04.2026 07:41:47] DEBUG : Проект proj_tis_1775270507876 сериализован в JSON (размер=538 байт)
[04.04.2026 07:41:47] INFO : Проект proj_tis_1775270507876 успешно сохранён в MinIO: projects/proj_tis_1775270507876.json
[04.04.2026 07:41:50] DEBUG : Вызов функции save_project с аргументами: (), {}
[04.04.2026 07:41:50] INFO : Запрос на сохранение проекта в MinIO
[04.04.2026 07:41:50] DEBUG : Проект proj_tis_1775270507876 сериализован в JSON (размер=538 байт)
[04.04.2026 07:41:50] INFO : Проект proj_tis_1775270507876 успешно сохранён в MinIO: projects/proj_tis_1775270507876.json
[04.04.2026 07:42:02] DEBUG : Вызов функции get_recent_files с аргументами: (), {}
[04.04.2026 07:42:02] INFO : Запрос списка недавних файлов из MinIO
[04.04.2026 07:42:02] DEBUG : Вызов функции list_projects с аргументами: (), {}
[04.04.2026 07:42:02] INFO : Запрос списка проектов из MinIO
[04.04.2026 07:42:02] DEBUG : Список недавних файлов ещё не создан
[04.04.2026 07:42:02] INFO : Найдено 1 проектов в MinIO
[04.04.2026 07:42:02] DEBUG : Вызов функции load_project с аргументами: (), {'project_id': 'proj_tis_1775270507876'}
[04.04.2026 07:42:02] INFO : Запрос на загрузку проекта proj_tis_1775270507876 из MinIO
[04.04.2026 07:42:02] INFO : Проект proj_tis_1775270507876 успешно загружен из MinIO
[04.04.2026 07:42:33] DEBUG : Вызов функции save_project с аргументами: (), {}
[04.04.2026 07:42:33] INFO : Запрос на сохранение проекта в MinIO
[04.04.2026 07:42:33] DEBUG : Проект proj_tis_1775270507876 сериализован в JSON (размер=538 байт)
[04.04.2026 07:42:33] INFO : Проект proj_tis_1775270507876 успешно сохранён в MinIO: projects/proj_tis_1775270507876.json
[04.04.2026 07:43:02] DEBUG : Вызов функции save_project с аргументами: (), {}
[04.04.2026 07:43:02] INFO : Запрос на сохранение проекта в MinIO
[04.04.2026 07:43:02] DEBUG : Проект proj_tis_1775270507876 сериализован в JSON (размер=538 байт)
[04.04.2026 07:43:02] INFO : Проект proj_tis_1775270507876 успешно сохранён в MinIO: projects/proj_tis_1775270507876.json
[04.04.2026 07:43:33] DEBUG : Вызов функции save_project с аргументами: (), {}
[04.04.2026 07:43:33] INFO : Запрос на сохранение проекта в MinIO
[04.04.2026 07:43:33] DEBUG : Проект proj_tis_1775270507876 сериализован в JSON (размер=538 байт)
[04.04.2026 07:43:33] INFO : Проект proj_tis_1775270507876 успешно сохранён в MinIO: projects/proj_tis_1775270507876.json
[04.04.2026 07:49:12] INFO : Инициализировано Flask-приложение
[04.04.2026 07:49:12] DEBUG : Приложение запущено в обычном режиме из директории: C:\Users\user\Desktop\testperewdev-main\testsit-
[04.04.2026 07:49:12] INFO : Папка для загрузок: C:\Users\user\Desktop\testperewdev-main\testsit-\uploads
[04.04.2026 07:49:12] INFO : Инициализировано Flask-приложение
[04.04.2026 07:49:12] DEBUG : Приложение запущено в обычном режиме из директории: C:\Users\user\Desktop\testperewdev-main\testsit-
[04.04.2026 07:49:12] INFO : Папка для загрузок: C:\Users\user\Desktop\testperewdev-main\testsit-\uploads
[04.04.2026 07:49:18] DEBUG : Вызов функции get_recent_files с аргументами: (), {}
[04.04.2026 07:49:18] INFO : Запрос списка недавних файлов из MinIO
[04.04.2026 07:49:18] DEBUG : Вызов функции list_projects с аргументами: (), {}
[04.04.2026 07:49:18] INFO : Запрос списка проектов из MinIO
[04.04.2026 07:49:18] DEBUG : Список недавних файлов ещё не создан
[04.04.2026 07:49:18] INFO : Найдено 1 проектов в MinIO
[04.04.2026 07:49:18] DEBUG : Вызов функции load_project с аргументами: (), {'project_id': 'proj_tis_1775270507876'}
[04.04.2026 07:49:18] INFO : Запрос на загрузку проекта proj_tis_1775270507876 из MinIO
[04.04.2026 07:49:18] INFO : Проект proj_tis_1775270507876 успешно загружен из MinIO
[04.04.2026 07:49:21] DEBUG : Вызов функции save_project с аргументами: (), {}
[04.04.2026 07:49:21] INFO : Запрос на сохранение проекта в MinIO
[04.04.2026 07:49:21] DEBUG : Проект proj_tis_1775270507876 сериализован в JSON (размер=538 байт)
[04.04.2026 07:49:21] INFO : Проект proj_tis_1775270507876 успешно сохранён в MinIO: projects/proj_tis_1775270507876.json
[04.04.2026 07:49:21] DEBUG : Вызов функции list_projects с аргументами: (), {}
[04.04.2026 07:49:21] INFO : Запрос списка проектов из MinIO
[04.04.2026 07:49:21] INFO : Найдено 1 проектов в MinIO
[04.04.2026 07:49:28] DEBUG : Вызов функции save_project с аргументами: (), {}
[04.04.2026 07:49:28] INFO : Запрос на сохранение проекта в MinIO
[04.04.2026 07:49:28] DEBUG : Проект proj_1775270968460_2764 сериализован в JSON (размер=236 байт)
[04.04.2026 07:49:28] INFO : Проект proj_1775270968460_2764 успешно сохранён в MinIO: projects/proj_1775270968460_2764.json
[04.04.2026 08:08:26] DEBUG : Вызов функции list_projects с аргументами: (), {}
[04.04.2026 08:08:26] INFO : Запрос списка проектов из MinIO
[04.04.2026 08:08:26] INFO : Найдено 2 проектов в MinIO
[04.04.2026 08:08:29] DEBUG : Вызов функции list_projects с аргументами: (), {}
[04.04.2026 08:08:29] INFO : Запрос списка проектов из MinIO
[04.04.2026 08:08:29] INFO : Найдено 2 проектов в MinIO
[04.04.2026 08:08:29] DEBUG : Вызов функции list_projects с аргументами: (), {}
[04.04.2026 08:08:29] INFO : Запрос списка проектов из MinIO
[04.04.2026 08:08:29] INFO : Найдено 2 проектов в MinIO
[04.04.2026 08:08:29] DEBUG : Вызов функции list_projects с аргументами: (), {}
[04.04.2026 08:08:29] INFO : Запрос списка проектов из MinIO
[04.04.2026 08:08:29] INFO : Найдено 2 проектов в MinIO
[04.04.2026 08:08:29] DEBUG : Вызов функции list_projects с аргументами: (), {}
[04.04.2026 08:08:29] INFO : Запрос списка проектов из MinIO
[04.04.2026 08:08:29] INFO : Найдено 2 проектов в MinIO
[04.04.2026 08:10:36] INFO : Инициализировано Flask-приложение
[04.04.2026 08:10:36] DEBUG : Приложение запущено в обычном режиме из директории: C:\Users\user\Desktop\testperewdev-main\testsit-
[04.04.2026 08:10:36] INFO : Папка для загрузок: C:\Users\user\Desktop\testperewdev-main\testsit-\uploads
[04.04.2026 08:10:36] INFO : Инициализировано Flask-приложение
[04.04.2026 08:10:36] DEBUG : Приложение запущено в обычном режиме из директории: C:\Users\user\Desktop\testperewdev-main\testsit-
[04.04.2026 08:10:36] INFO : Папка для загрузок: C:\Users\user\Desktop\testperewdev-main\testsit-\uploads
[04.04.2026 08:10:45] DEBUG : Вызов функции save_project с аргументами: (), {}
[04.04.2026 08:10:45] INFO : Запрос на сохранение проекта в MinIO
[04.04.2026 08:10:45] DEBUG : Проект proj_tis_1775270507876 сериализован в JSON (размер=538 байт)
[04.04.2026 08:10:45] DEBUG : Вызов функции save_project с аргументами: (), {}
[04.04.2026 08:10:45] INFO : Запрос на сохранение проекта в MinIO
[04.04.2026 08:10:45] DEBUG : Проект proj_tis_1775270507876 сериализован в JSON (размер=538 байт)
[04.04.2026 08:10:45] INFO : Проект proj_tis_1775270507876 успешно сохранён в MinIO: projects/proj_tis_1775270507876.json
[04.04.2026 08:10:45] INFO : Проект proj_tis_1775270507876 успешно сохранён в MinIO: projects/proj_tis_1775270507876.json
[04.04.2026 08:10:45] DEBUG : Вызов функции get_recent_files с аргументами: (), {}
[04.04.2026 08:10:45] INFO : Запрос списка недавних файлов из MinIO
[04.04.2026 08:10:45] DEBUG : Вызов функции list_projects с аргументами: (), {}
[04.04.2026 08:10:45] INFO : Запрос списка проектов из MinIO
[04.04.2026 08:10:45] DEBUG : Список недавних файлов ещё не создан
[04.04.2026 08:10:45] INFO : Найдено 2 проектов в MinIO
[04.04.2026 08:10:45] DEBUG : Вызов функции load_project с аргументами: (), {'project_id': 'proj_1775270968460_2764'}
[04.04.2026 08:10:45] INFO : Запрос на загрузку проекта proj_1775270968460_2764 из MinIO
[04.04.2026 08:10:45] INFO : Проект proj_1775270968460_2764 успешно загружен из MinIO
[04.04.2026 08:10:49] DEBUG : Вызов функции list_projects с аргументами: (), {}
[04.04.2026 08:10:49] INFO : Запрос списка проектов из MinIO
[04.04.2026 08:10:49] INFO : Найдено 2 проектов в MinIO
[04.04.2026 08:50:20] INFO : Инициализировано Flask-приложение
[04.04.2026 08:50:20] DEBUG : Приложение запущено в обычном режиме из директории: C:\Users\user\Desktop\testperewdev-main\testsit-
[04.04.2026 08:50:20] INFO : Папка для загрузок: C:\Users\user\Desktop\testperewdev-main\testsit-\uploads
[04.04.2026 08:50:21] INFO : Инициализировано Flask-приложение
[04.04.2026 08:50:21] DEBUG : Приложение запущено в обычном режиме из директории: C:\Users\user\Desktop\testperewdev-main\testsit-
[04.04.2026 08:50:21] INFO : Папка для загрузок: C:\Users\user\Desktop\testperewdev-main\testsit-\uploads
[04.04.2026 08:50:21] DEBUG : Вызов функции list_projects с аргументами: (), {}
[04.04.2026 08:50:21] INFO : Запрос списка проектов из MinIO
[04.04.2026 08:50:21] INFO : Найдено 2 проектов в MinIO
[04.04.2026 08:50:34] DEBUG : Вызов функции get_recent_files с аргументами: (), {}
[04.04.2026 08:50:34] INFO : Запрос списка недавних файлов из MinIO
[04.04.2026 08:50:34] DEBUG : Вызов функции list_projects с аргументами: (), {}
[04.04.2026 08:50:34] INFO : Запрос списка проектов из MinIO
[04.04.2026 08:50:34] DEBUG : Список недавних файлов ещё не создан
[04.04.2026 08:50:34] INFO : Найдено 2 проектов в MinIO
[04.04.2026 08:50:34] DEBUG : Вызов функции load_project с аргументами: (), {'project_id': 'proj_1775270968460_2764'}
[04.04.2026 08:50:34] INFO : Запрос на загрузку проекта proj_1775270968460_2764 из MinIO
[04.04.2026 08:50:34] INFO : Проект proj_1775270968460_2764 успешно загружен из MinIO
[04.04.2026 08:50:36] DEBUG : Вызов функции list_projects с аргументами: (), {}
[04.04.2026 08:50:36] INFO : Запрос списка проектов из MinIO
[04.04.2026 08:50:36] INFO : Найдено 2 проектов в MinIO
[04.04.2026 08:58:45] DEBUG : Вызов функции list_projects с аргументами: (), {}
[04.04.2026 08:58:45] INFO : Запрос списка проектов из MinIO
[04.04.2026 08:58:45] INFO : Найдено 2 проектов в MinIO
[04.04.2026 09:02:31] DEBUG : Вызов функции list_projects с аргументами: (), {}
[04.04.2026 09:02:31] INFO : Запрос списка проектов из MinIO
[04.04.2026 09:02:31] INFO : Найдено 2 проектов в MinIO
[04.04.2026 09:02:51] DEBUG : Вызов функции get_recent_files с аргументами: (), {}
[04.04.2026 09:02:51] INFO : Запрос списка недавних файлов из MinIO
[04.04.2026 09:02:51] DEBUG : Вызов функции list_projects с аргументами: (), {}
[04.04.2026 09:02:51] DEBUG : Список недавних файлов ещё не создан
[04.04.2026 09:02:51] INFO : Запрос списка проектов из MinIO
[04.04.2026 09:02:51] INFO : Найдено 2 проектов в MinIO
[04.04.2026 09:02:51] DEBUG : Вызов функции load_project с аргументами: (), {'project_id': 'proj_1775270968460_2764'}
[04.04.2026 09:02:51] INFO : Запрос на загрузку проекта proj_1775270968460_2764 из MinIO
[04.04.2026 09:02:51] INFO : Проект proj_1775270968460_2764 успешно загружен из MinIO
[04.04.2026 09:02:52] DEBUG : Вызов функции list_projects с аргументами: (), {}
[04.04.2026 09:02:52] INFO : Запрос списка проектов из MinIO
[04.04.2026 09:02:52] INFO : Найдено 2 проектов в MinIO
[04.04.2026 09:02:55] DEBUG : Вызов функции get_recent_files с аргументами: (), {}
[04.04.2026 09:02:55] INFO : Запрос списка недавних файлов из MinIO
[04.04.2026 09:02:55] DEBUG : Вызов функции list_projects с аргументами: (), {}
[04.04.2026 09:02:55] INFO : Запрос списка проектов из MinIO
[04.04.2026 09:02:55] DEBUG : Список недавних файлов ещё не создан
[04.04.2026 09:02:55] INFO : Найдено 2 проектов в MinIO
[04.04.2026 09:02:55] DEBUG : Вызов функции load_project с аргументами: (), {'project_id': 'proj_1775270968460_2764'}
[04.04.2026 09:02:55] INFO : Запрос на загрузку проекта proj_1775270968460_2764 из MinIO
[04.04.2026 09:02:55] INFO : Проект proj_1775270968460_2764 успешно загружен из MinIO
[04.04.2026 09:02:57] DEBUG : Вызов функции list_projects с аргументами: (), {}
[04.04.2026 09:02:57] INFO : Запрос списка проектов из MinIO
[04.04.2026 09:02:57] INFO : Найдено 2 проектов в MinIO
[04.04.2026 09:07:42] DEBUG : Вызов функции list_projects с аргументами: (), {}
[04.04.2026 09:07:42] INFO : Запрос списка проектов из MinIO
[04.04.2026 09:07:42] INFO : Найдено 2 проектов в MinIO
[04.04.2026 09:08:15] DEBUG : Вызов функции list_projects с аргументами: (), {}
[04.04.2026 09:08:15] INFO : Запрос списка проектов из MinIO
[04.04.2026 09:08:15] INFO : Найдено 2 проектов в MinIO
[04.04.2026 09:08:17] DEBUG : Вызов функции list_projects с аргументами: (), {}
[04.04.2026 09:08:17] INFO : Запрос списка проектов из MinIO
[04.04.2026 09:08:17] INFO : Найдено 2 проектов в MinIO
[04.04.2026 09:12:55] DEBUG : Вызов функции list_projects с аргументами: (), {}
[04.04.2026 09:12:55] INFO : Запрос списка проектов из MinIO
[04.04.2026 09:12:55] INFO : Найдено 2 проектов в MinIO
[04.04.2026 09:13:20] DEBUG : Вызов функции list_projects с аргументами: (), {}
[04.04.2026 09:13:20] INFO : Запрос списка проектов из MinIO
[04.04.2026 09:13:20] INFO : Найдено 2 проектов в MinIO
[04.04.2026 09:13:21] DEBUG : Вызов функции list_projects с аргументами: (), {}
[04.04.2026 09:13:21] INFO : Запрос списка проектов из MinIO
[04.04.2026 09:13:21] INFO : Найдено 2 проектов в MinIO
[04.04.2026 09:13:21] DEBUG : Вызов функции list_projects с аргументами: (), {}
[04.04.2026 09:13:21] INFO : Запрос списка проектов из MinIO
[04.04.2026 09:13:21] INFO : Найдено 2 проектов в MinIO
[04.04.2026 09:13:23] DEBUG : Вызов функции list_projects с аргументами: (), {}
[04.04.2026 09:13:23] INFO : Запрос списка проектов из MinIO
[04.04.2026 09:13:23] INFO : Найдено 2 проектов в MinIO
[04.04.2026 09:13:23] DEBUG : Вызов функции list_projects с аргументами: (), {}
[04.04.2026 09:13:23] INFO : Запрос списка проектов из MinIO
[04.04.2026 09:13:23] INFO : Найдено 2 проектов в MinIO
[04.04.2026 09:13:24] DEBUG : Вызов функции list_projects с аргументами: (), {}
[04.04.2026 09:13:24] INFO : Запрос списка проектов из MinIO
[04.04.2026 09:13:24] INFO : Найдено 2 проектов в MinIO
[04.04.2026 09:13:25] DEBUG : Вызов функции list_projects с аргументами: (), {}
[04.04.2026 09:13:25] INFO : Запрос списка проектов из MinIO
[04.04.2026 09:13:25] INFO : Найдено 2 проектов в MinIO
[04.04.2026 09:13:25] DEBUG : Вызов функции list_projects с аргументами: (), {}
[04.04.2026 09:13:25] INFO : Запрос списка проектов из MinIO
[04.04.2026 09:13:25] INFO : Найдено 2 проектов в MinIO
[04.04.2026 09:13:25] DEBUG : Вызов функции list_projects с аргументами: (), {}
[04.04.2026 09:13:25] INFO : Запрос списка проектов из MinIO
[04.04.2026 09:13:25] INFO : Найдено 2 проектов в MinIO
[04.04.2026 09:13:25] DEBUG : Вызов функции list_projects с аргументами: (), {}
[04.04.2026 09:13:25] INFO : Запрос списка проектов из MinIO
[04.04.2026 09:13:25] INFO : Найдено 2 проектов в MinIO
[04.04.2026 09:13:26] DEBUG : Вызов функции list_projects с аргументами: (), {}
[04.04.2026 09:13:26] INFO : Запрос списка проектов из MinIO
[04.04.2026 09:13:26] INFO : Найдено 2 проектов в MinIO
[04.04.2026 09:13:26] DEBUG : Вызов функции list_projects с аргументами: (), {}
[04.04.2026 09:13:26] INFO : Запрос списка проектов из MinIO
[04.04.2026 09:13:26] INFO : Найдено 2 проектов в MinIO
[04.04.2026 09:13:26] DEBUG : Вызов функции list_projects с аргументами: (), {}
[04.04.2026 09:13:26] INFO : Запрос списка проектов из MinIO
[04.04.2026 09:13:26] INFO : Найдено 2 проектов в MinIO
[04.04.2026 09:13:26] DEBUG : Вызов функции list_projects с аргументами: (), {}
[04.04.2026 09:13:26] INFO : Запрос списка проектов из MinIO
[04.04.2026 09:13:26] INFO : Найдено 2 проектов в MinIO
[04.04.2026 09:13:26] DEBUG : Вызов функции list_projects с аргументами: (), {}
[04.04.2026 09:13:26] INFO : Запрос списка проектов из MinIO
[04.04.2026 09:13:27] INFO : Найдено 2 проектов в MinIO
[04.04.2026 09:21:39] DEBUG : Вызов функции list_projects с аргументами: (), {}
[04.04.2026 09:21:39] INFO : Запрос списка проектов из MinIO
[04.04.2026 09:21:39] INFO : Найдено 2 проектов в MinIO
[04.04.2026 09:27:48] DEBUG : Вызов функции list_projects с аргументами: (), {}
[04.04.2026 09:27:48] INFO : Запрос списка проектов из MinIO
[04.04.2026 09:27:48] INFO : Найдено 2 проектов в MinIO
[04.04.2026 09:27:53] DEBUG : Вызов функции save_project с аргументами: (), {}
[04.04.2026 09:27:53] INFO : Запрос на сохранение проекта в MinIO
[04.04.2026 09:27:53] DEBUG : Проект proj_tis_1775270507876 сериализован в JSON (размер=233 байт)
[04.04.2026 09:27:53] INFO : Проект proj_tis_1775270507876 успешно сохранён в MinIO: projects/proj_tis_1775270507876.json
[04.04.2026 09:27:53] DEBUG : Вызов функции save_project с аргументами: (), {}
[04.04.2026 09:27:53] INFO : Запрос на сохранение проекта в MinIO
[04.04.2026 09:27:53] DEBUG : Проект proj_1775270968460_2764 сериализован в JSON (размер=252 байт)
[04.04.2026 09:27:53] INFO : Проект proj_1775270968460_2764 успешно сохранён в MinIO: projects/proj_1775270968460_2764.json
[04.04.2026 09:28:01] DEBUG : Вызов функции save_project с аргументами: (), {}
[04.04.2026 09:28:01] INFO : Запрос на сохранение проекта в MinIO
[04.04.2026 09:28:01] DEBUG : Проект proj_1775270968460_2764 сериализован в JSON (размер=252 байт)
[04.04.2026 09:28:01] INFO : Проект proj_1775270968460_2764 успешно сохранён в MinIO: projects/proj_1775270968460_2764.json
[04.04.2026 09:28:01] DEBUG : Вызов функции save_project с аргументами: (), {}
[04.04.2026 09:28:01] INFO : Запрос на сохранение проекта в MinIO
[04.04.2026 09:28:01] DEBUG : Проект proj_tis_1775270507876 сериализован в JSON (размер=233 байт)
[04.04.2026 09:28:01] INFO : Проект proj_tis_1775270507876 успешно сохранён в MinIO: projects/proj_tis_1775270507876.json
[04.04.2026 09:28:57] DEBUG : Вызов функции save_project с аргументами: (), {}
[04.04.2026 09:28:57] INFO : Запрос на сохранение проекта в MinIO
[04.04.2026 09:28:57] DEBUG : Проект proj_tis_1775270507876 сериализован в JSON (размер=233 байт)
[04.04.2026 09:28:57] INFO : Проект proj_tis_1775270507876 успешно сохранён в MinIO: projects/proj_tis_1775270507876.json
[04.04.2026 09:28:57] DEBUG : Вызов функции save_project с аргументами: (), {}
[04.04.2026 09:28:57] INFO : Запрос на сохранение проекта в MinIO
[04.04.2026 09:28:57] DEBUG : Проект proj_1775270968460_2764 сериализован в JSON (размер=252 байт)
[04.04.2026 09:28:57] INFO : Проект proj_1775270968460_2764 успешно сохранён в MinIO: projects/proj_1775270968460_2764.json
[04.04.2026 09:29:06] DEBUG : Вызов функции get_recent_files с аргументами: (), {}
[04.04.2026 09:29:06] INFO : Запрос списка недавних файлов из MinIO
[04.04.2026 09:29:06] DEBUG : Вызов функции list_projects с аргументами: (), {}
[04.04.2026 09:29:06] INFO : Запрос списка проектов из MinIO
[04.04.2026 09:29:06] DEBUG : Список недавних файлов ещё не создан
[04.04.2026 09:29:06] INFO : Найдено 2 проектов в MinIO
[04.04.2026 09:29:06] DEBUG : Вызов функции load_project с аргументами: (), {'project_id': 'proj_1775270968460_2764'}
[04.04.2026 09:29:06] INFO : Запрос на загрузку проекта proj_1775270968460_2764 из MinIO
[04.04.2026 09:29:06] INFO : Проект proj_1775270968460_2764 успешно загружен из MinIO
[04.04.2026 09:29:14] DEBUG : Вызов функции save_recent_files с аргументами: (), {}
[04.04.2026 09:29:14] INFO : Сохранение списка недавних файлов в MinIO
[04.04.2026 09:29:14] DEBUG : Сохранено 1 недавних файлов
[04.04.2026 09:43:12] DEBUG : Вызов функции list_projects с аргументами: (), {}
[04.04.2026 09:43:12] INFO : Запрос списка проектов из MinIO
[04.04.2026 09:43:12] INFO : Найдено 2 проектов в MinIO
[04.04.2026 09:43:55] DEBUG : Вызов функции save_project с аргументами: (), {}
[04.04.2026 09:43:55] INFO : Запрос на сохранение проекта в MinIO
[04.04.2026 09:43:55] DEBUG : Проект proj_tis_1775270507876 сериализован в JSON (размер=233 байт)
[04.04.2026 09:43:55] INFO : Проект proj_tis_1775270507876 успешно сохранён в MinIO: projects/proj_tis_1775270507876.json
[04.04.2026 09:43:55] DEBUG : Вызов функции save_project с аргументами: (), {}
[04.04.2026 09:43:55] INFO : Запрос на сохранение проекта в MinIO
[04.04.2026 09:43:55] DEBUG : Проект proj_1775270968460_2764 сериализован в JSON (размер=252 байт)
[04.04.2026 09:43:55] INFO : Проект proj_1775270968460_2764 успешно сохранён в MinIO: projects/proj_1775270968460_2764.json
[04.04.2026 09:44:06] DEBUG : Вызов функции get_recent_files с аргументами: (), {}
[04.04.2026 09:44:06] DEBUG : Вызов функции list_projects с аргументами: (), {}
[04.04.2026 09:44:06] INFO : Запрос списка недавних файлов из MinIO
[04.04.2026 09:44:06] INFO : Запрос списка проектов из MinIO
[04.04.2026 09:44:06] DEBUG : Загружено 1 недавних файлов
[04.04.2026 09:44:06] INFO : Найдено 2 проектов в MinIO
[04.04.2026 09:44:07] DEBUG : Вызов функции load_project с аргументами: (), {'project_id': 'proj_1775270968460_2764'}
[04.04.2026 09:44:07] INFO : Запрос на загрузку проекта proj_1775270968460_2764 из MinIO
[04.04.2026 09:44:07] INFO : Проект proj_1775270968460_2764 успешно загружен из MinIO
[04.04.2026 09:44:08] DEBUG : Вызов функции list_projects с аргументами: (), {}
[04.04.2026 09:44:08] INFO : Запрос списка проектов из MinIO
[04.04.2026 09:44:08] INFO : Найдено 2 проектов в MinIO
[04.04.2026 09:44:11] DEBUG : Вызов функции save_project с аргументами: (), {}
[04.04.2026 09:44:11] INFO : Запрос на сохранение проекта в MinIO
[04.04.2026 09:44:11] DEBUG : Проект proj_tis_1775270507876 сериализован в JSON (размер=233 байт)
[04.04.2026 09:44:11] INFO : Проект proj_tis_1775270507876 успешно сохранён в MinIO: projects/proj_tis_1775270507876.json
[04.04.2026 09:44:11] DEBUG : Вызов функции save_project с аргументами: (), {}
[04.04.2026 09:44:11] INFO : Запрос на сохранение проекта в MinIO
[04.04.2026 09:44:11] DEBUG : Проект proj_1775270968460_2764 сериализован в JSON (размер=252 байт)
[04.04.2026 09:44:11] INFO : Проект proj_1775270968460_2764 успешно сохранён в MinIO: projects/proj_1775270968460_2764.json
[04.04.2026 09:44:19] DEBUG : Вызов функции save_project с аргументами: (), {}
[04.04.2026 09:44:19] INFO : Запрос на сохранение проекта в MinIO
[04.04.2026 09:44:19] DEBUG : Проект proj_1775277859138_zrktoo сериализован в JSON (размер=242 байт)
[04.04.2026 09:44:19] INFO : Проект proj_1775277859138_zrktoo успешно сохранён в MinIO: projects/proj_1775277859138_zrktoo.json
[04.04.2026 09:44:21] DEBUG : Вызов функции get_recent_files с аргументами: (), {}
[04.04.2026 09:44:21] INFO : Запрос списка недавних файлов из MinIO
[04.04.2026 09:44:21] DEBUG : Загружено 1 недавних файлов
[04.04.2026 09:44:21] DEBUG : Вызов функции list_projects с аргументами: (), {}
[04.04.2026 09:44:21] INFO : Запрос списка проектов из MinIO
[04.04.2026 09:44:21] INFO : Найдено 3 проектов в MinIO
[04.04.2026 09:44:21] DEBUG : Вызов функции load_project с аргументами: (), {'project_id': 'proj_1775270968460_2764'}
[04.04.2026 09:44:21] INFO : Запрос на загрузку проекта proj_1775270968460_2764 из MinIO
[04.04.2026 09:44:21] INFO : Проект proj_1775270968460_2764 успешно загружен из MinIO
[04.04.2026 09:44:24] DEBUG : Вызов функции list_projects с аргументами: (), {}
[04.04.2026 09:44:24] INFO : Запрос списка проектов из MinIO
[04.04.2026 09:44:24] INFO : Найдено 3 проектов в MinIO
[04.04.2026 09:44:27] DEBUG : Вызов функции get_recent_files с аргументами: (), {}
[04.04.2026 09:44:27] INFO : Запрос списка недавних файлов из MinIO
[04.04.2026 09:44:27] DEBUG : Вызов функции list_projects с аргументами: (), {}
[04.04.2026 09:44:27] INFO : Запрос списка проектов из MinIO
[04.04.2026 09:44:27] DEBUG : Загружено 1 недавних файлов
[04.04.2026 09:44:27] INFO : Найдено 3 проектов в MinIO
[04.04.2026 09:44:27] DEBUG : Вызов функции load_project с аргументами: (), {'project_id': 'proj_1775270968460_2764'}
[04.04.2026 09:44:27] INFO : Запрос на загрузку проекта proj_1775270968460_2764 из MinIO
[04.04.2026 09:44:27] INFO : Проект proj_1775270968460_2764 успешно загружен из MinIO
[04.04.2026 09:44:31] DEBUG : Вызов функции list_projects с аргументами: (), {}
[04.04.2026 09:44:31] INFO : Запрос списка проектов из MinIO
[04.04.2026 09:44:31] INFO : Найдено 3 проектов в MinIO
[04.04.2026 09:44:49] DEBUG : Вызов функции get_recent_files с аргументами: (), {}
[04.04.2026 09:44:49] INFO : Запрос списка недавних файлов из MinIO
[04.04.2026 09:44:49] DEBUG : Вызов функции list_projects с аргументами: (), {}
[04.04.2026 09:44:49] INFO : Запрос списка проектов из MinIO
[04.04.2026 09:44:49] DEBUG : Загружено 1 недавних файлов
[04.04.2026 09:44:49] INFO : Найдено 3 проектов в MinIO
[04.04.2026 09:44:50] DEBUG : Вызов функции load_project с аргументами: (), {'project_id': 'proj_1775270968460_2764'}
[04.04.2026 09:44:50] INFO : Запрос на загрузку проекта proj_1775270968460_2764 из MinIO
[04.04.2026 09:44:50] INFO : Проект proj_1775270968460_2764 успешно загружен из MinIO
[04.04.2026 09:44:55] DEBUG : Вызов функции list_projects с аргументами: (), {}
[04.04.2026 09:44:55] INFO : Запрос списка проектов из MinIO
[04.04.2026 09:44:55] INFO : Найдено 3 проектов в MinIO
[04.04.2026 09:44:57] DEBUG : Вызов функции get_recent_files с аргументами: (), {}
[04.04.2026 09:44:57] INFO : Запрос списка недавних файлов из MinIO
[04.04.2026 09:44:57] DEBUG : Вызов функции list_projects с аргументами: (), {}
[04.04.2026 09:44:57] INFO : Запрос списка проектов из MinIO
[04.04.2026 09:44:57] DEBUG : Загружено 1 недавних файлов
[04.04.2026 09:44:57] INFO : Найдено 3 проектов в MinIO
[04.04.2026 09:44:57] DEBUG : Вызов функции load_project с аргументами: (), {'project_id': 'proj_1775270968460_2764'}
[04.04.2026 09:44:57] INFO : Запрос на загрузку проекта proj_1775270968460_2764 из MinIO
[04.04.2026 09:44:57] INFO : Проект proj_1775270968460_2764 успешно загружен из MinIO
[04.04.2026 09:45:02] DEBUG : Вызов функции list_projects с аргументами: (), {}
[04.04.2026 09:45:02] INFO : Запрос списка проектов из MinIO
[04.04.2026 09:45:02] INFO : Найдено 3 проектов в MinIO
[04.04.2026 09:45:07] DEBUG : Вызов функции get_recent_files с аргументами: (), {}
[04.04.2026 09:45:07] DEBUG : Вызов функции list_projects с аргументами: (), {}
[04.04.2026 09:45:07] INFO : Запрос списка недавних файлов из MinIO
[04.04.2026 09:45:07] INFO : Запрос списка проектов из MinIO
[04.04.2026 09:45:07] DEBUG : Загружено 1 недавних файлов
[04.04.2026 09:45:07] INFO : Найдено 3 проектов в MinIO
[04.04.2026 09:45:07] DEBUG : Вызов функции load_project с аргументами: (), {'project_id': 'proj_1775270968460_2764'}
[04.04.2026 09:45:07] INFO : Запрос на загрузку проекта proj_1775270968460_2764 из MinIO
[04.04.2026 09:45:07] INFO : Проект proj_1775270968460_2764 успешно загружен из MinIO
[04.04.2026 09:45:09] DEBUG : Вызов функции get_recent_files с аргументами: (), {}
[04.04.2026 09:45:09] INFO : Запрос списка недавних файлов из MinIO
[04.04.2026 09:45:09] DEBUG : Вызов функции list_projects с аргументами: (), {}
[04.04.2026 09:45:09] INFO : Запрос списка проектов из MinIO
[04.04.2026 09:45:09] DEBUG : Загружено 1 недавних файлов
[04.04.2026 09:45:09] INFO : Найдено 3 проектов в MinIO
[04.04.2026 09:45:09] DEBUG : Вызов функции load_project с аргументами: (), {'project_id': 'proj_1775270968460_2764'}
[04.04.2026 09:45:09] INFO : Запрос на загрузку проекта proj_1775270968460_2764 из MinIO
[04.04.2026 09:45:09] INFO : Проект proj_1775270968460_2764 успешно загружен из MinIO
[04.04.2026 09:45:10] DEBUG : Вызов функции list_projects с аргументами: (), {}
[04.04.2026 09:45:10] INFO : Запрос списка проектов из MinIO
[04.04.2026 09:45:10] INFO : Найдено 3 проектов в MinIO
[04.04.2026 09:45:32] DEBUG : Вызов функции get_recent_files с аргументами: (), {}
[04.04.2026 09:45:32] DEBUG : Вызов функции list_projects с аргументами: (), {}
[04.04.2026 09:45:32] INFO : Запрос списка недавних файлов из MinIO
[04.04.2026 09:45:32] INFO : Запрос списка проектов из MinIO
[04.04.2026 09:45:32] DEBUG : Загружено 1 недавних файлов
[04.04.2026 09:45:32] INFO : Найдено 3 проектов в MinIO
[04.04.2026 09:45:32] DEBUG : Вызов функции load_project с аргументами: (), {'project_id': 'proj_1775270968460_2764'}
[04.04.2026 09:45:32] INFO : Запрос на загрузку проекта proj_1775270968460_2764 из MinIO
[04.04.2026 09:45:32] INFO : Проект proj_1775270968460_2764 успешно загружен из MinIO
[04.04.2026 09:45:33] DEBUG : Вызов функции list_projects с аргументами: (), {}
[04.04.2026 09:45:33] INFO : Запрос списка проектов из MinIO
[04.04.2026 09:45:33] INFO : Найдено 3 проектов в MinIO
[04.04.2026 09:45:44] DEBUG : Вызов функции save_project с аргументами: (), {}
[04.04.2026 09:45:44] INFO : Запрос на сохранение проекта в MinIO
[04.04.2026 09:45:44] DEBUG : Проект proj_1775277944068_w3orcb сериализован в JSON (размер=247 байт)
[04.04.2026 09:45:44] INFO : Проект proj_1775277944068_w3orcb успешно сохранён в MinIO: projects/proj_1775277944068_w3orcb.json
[04.04.2026 09:45:57] DEBUG : Вызов функции get_recent_files с аргументами: (), {}
[04.04.2026 09:45:57] INFO : Запрос списка недавних файлов из MinIO
[04.04.2026 09:45:57] DEBUG : Вызов функции list_projects с аргументами: (), {}
[04.04.2026 09:45:57] INFO : Запрос списка проектов из MinIO
[04.04.2026 09:45:57] DEBUG : Загружено 1 недавних файлов
[04.04.2026 09:45:57] INFO : Найдено 4 проектов в MinIO
[04.04.2026 09:45:57] DEBUG : Вызов функции load_project с аргументами: (), {'project_id': 'proj_1775270968460_2764'}
[04.04.2026 09:45:57] INFO : Запрос на загрузку проекта proj_1775270968460_2764 из MinIO
[04.04.2026 09:45:57] INFO : Проект proj_1775270968460_2764 успешно загружен из MinIO
[04.04.2026 09:45:58] DEBUG : Вызов функции list_projects с аргументами: (), {}
[04.04.2026 09:45:58] INFO : Запрос списка проектов из MinIO
[04.04.2026 09:45:58] INFO : Найдено 4 проектов в MinIO
[04.04.2026 09:46:13] DEBUG : Вызов функции list_projects с аргументами: (), {}
[04.04.2026 09:46:13] INFO : Запрос списка проектов из MinIO
[04.04.2026 09:46:13] INFO : Найдено 4 проектов в MinIO
[04.04.2026 09:46:16] DEBUG : Вызов функции get_recent_files с аргументами: (), {}
[04.04.2026 09:46:16] INFO : Запрос списка недавних файлов из MinIO
[04.04.2026 09:46:16] DEBUG : Вызов функции list_projects с аргументами: (), {}
[04.04.2026 09:46:16] INFO : Запрос списка проектов из MinIO
[04.04.2026 09:46:16] DEBUG : Загружено 1 недавних файлов
[04.04.2026 09:46:16] INFO : Найдено 4 проектов в MinIO
[04.04.2026 09:46:16] DEBUG : Вызов функции load_project с аргументами: (), {'project_id': 'proj_1775270968460_2764'}
[04.04.2026 09:46:16] INFO : Запрос на загрузку проекта proj_1775270968460_2764 из MinIO
[04.04.2026 09:46:16] INFO : Проект proj_1775270968460_2764 успешно загружен из MinIO
[04.04.2026 09:46:17] DEBUG : Вызов функции list_projects с аргументами: (), {}
[04.04.2026 09:46:17] INFO : Запрос списка проектов из MinIO
[04.04.2026 09:46:17] INFO : Найдено 4 проектов в MinIO
[04.04.2026 09:46:20] DEBUG : Вызов функции save_project с аргументами: (), {}
[04.04.2026 09:46:20] INFO : Запрос на сохранение проекта в MinIO
[04.04.2026 09:46:20] DEBUG : Проект proj_tis_1775270507876 сериализован в JSON (размер=233 байт)
[04.04.2026 09:46:20] INFO : Проект proj_tis_1775270507876 успешно сохранён в MinIO: projects/proj_tis_1775270507876.json
[04.04.2026 09:46:20] DEBUG : Вызов функции save_project с аргументами: (), {}
[04.04.2026 09:46:20] INFO : Запрос на сохранение проекта в MinIO
[04.04.2026 09:46:20] DEBUG : Проект proj_1775270968460_2764 сериализован в JSON (размер=252 байт)
[04.04.2026 09:46:21] INFO : Проект proj_1775270968460_2764 успешно сохранён в MinIO: projects/proj_1775270968460_2764.json
[04.04.2026 09:46:21] DEBUG : Вызов функции save_project с аргументами: (), {}
[04.04.2026 09:46:21] INFO : Запрос на сохранение проекта в MinIO
[04.04.2026 09:46:21] DEBUG : Проект proj_1775277859138_zrktoo сериализован в JSON (размер=242 байт)
[04.04.2026 09:46:21] INFO : Проект proj_1775277859138_zrktoo успешно сохранён в MinIO: projects/proj_1775277859138_zrktoo.json
[04.04.2026 09:46:21] DEBUG : Вызов функции save_project с аргументами: (), {}
[04.04.2026 09:46:21] INFO : Запрос на сохранение проекта в MinIO
[04.04.2026 09:46:21] DEBUG : Проект proj_1775277944068_w3orcb сериализован в JSON (размер=247 байт)
[04.04.2026 09:46:21] INFO : Проект proj_1775277944068_w3orcb успешно сохранён в MinIO: projects/proj_1775277944068_w3orcb.json
[04.04.2026 09:46:23] DEBUG : Вызов функции save_project с аргументами: (), {}
[04.04.2026 09:46:23] INFO : Запрос на сохранение проекта в MinIO
[04.04.2026 09:46:23] DEBUG : Проект proj_1775270968460_2764 сериализован в JSON (размер=252 байт)
[04.04.2026 09:46:23] INFO : Проект proj_1775270968460_2764 успешно сохранён в MinIO: projects/proj_1775270968460_2764.json
[04.04.2026 09:46:23] DEBUG : Вызов функции save_project с аргументами: (), {}
[04.04.2026 09:46:23] INFO : Запрос на сохранение проекта в MinIO
[04.04.2026 09:46:23] DEBUG : Проект proj_tis_1775270507876 сериализован в JSON (размер=233 байт)
[04.04.2026 09:46:23] INFO : Проект proj_tis_1775270507876 успешно сохранён в MinIO: projects/proj_tis_1775270507876.json
[04.04.2026 09:46:23] DEBUG : Вызов функции save_project с аргументами: (), {}
[04.04.2026 09:46:23] INFO : Запрос на сохранение проекта в MinIO
[04.04.2026 09:46:23] DEBUG : Проект proj_1775277859138_zrktoo сериализован в JSON (размер=242 байт)
[04.04.2026 09:46:23] INFO : Проект proj_1775277859138_zrktoo успешно сохранён в MinIO: projects/proj_1775277859138_zrktoo.json
[04.04.2026 09:46:23] DEBUG : Вызов функции save_project с аргументами: (), {}
[04.04.2026 09:46:23] INFO : Запрос на сохранение проекта в MinIO
[04.04.2026 09:46:23] DEBUG : Проект proj_1775277944068_w3orcb сериализован в JSON (размер=247 байт)
[04.04.2026 09:46:23] INFO : Проект proj_1775277944068_w3orcb успешно сохранён в MinIO: projects/proj_1775277944068_w3orcb.json
[04.04.2026 09:46:26] DEBUG : Вызов функции get_recent_files с аргументами: (), {}
[04.04.2026 09:46:26] INFO : Запрос списка недавних файлов из MinIO
[04.04.2026 09:46:26] DEBUG : Вызов функции list_projects с аргументами: (), {}
[04.04.2026 09:46:26] DEBUG : Загружено 1 недавних файлов
[04.04.2026 09:46:26] INFO : Запрос списка проектов из MinIO
[04.04.2026 09:46:26] INFO : Найдено 4 проектов в MinIO
[04.04.2026 09:46:26] DEBUG : Вызов функции load_project с аргументами: (), {'project_id': 'proj_1775270968460_2764'}
[04.04.2026 09:46:26] INFO : Запрос на загрузку проекта proj_1775270968460_2764 из MinIO
[04.04.2026 09:46:26] INFO : Проект proj_1775270968460_2764 успешно загружен из MinIO
[04.04.2026 09:46:37] DEBUG : Вызов функции save_recent_files с аргументами: (), {}
[04.04.2026 09:46:37] INFO : Сохранение списка недавних файлов в MinIO
[04.04.2026 09:46:37] DEBUG : Сохранено 1 недавних файлов
[04.04.2026 09:46:43] DEBUG : Вызов функции save_recent_files с аргументами: (), {}
[04.04.2026 09:46:43] INFO : Сохранение списка недавних файлов в MinIO
[04.04.2026 09:46:43] DEBUG : Сохранено 1 недавних файлов
[04.04.2026 09:47:12] DEBUG : Вызов функции list_projects с аргументами: (), {}
[04.04.2026 09:47:12] INFO : Запрос списка проектов из MinIO
[04.04.2026 09:47:12] INFO : Найдено 4 проектов в MinIO
[04.04.2026 09:47:18] DEBUG : Вызов функции get_recent_files с аргументами: (), {}
[04.04.2026 09:47:18] INFO : Запрос списка недавних файлов из MinIO
[04.04.2026 09:47:18] DEBUG : Вызов функции list_projects с аргументами: (), {}
[04.04.2026 09:47:18] DEBUG : Загружено 1 недавних файлов
[04.04.2026 09:47:18] INFO : Запрос списка проектов из MinIO
[04.04.2026 09:47:18] INFO : Найдено 4 проектов в MinIO
[04.04.2026 09:47:18] DEBUG : Вызов функции load_project с аргументами: (), {'project_id': 'proj_1775270968460_2764'}
[04.04.2026 09:47:18] INFO : Запрос на загрузку проекта proj_1775270968460_2764 из MinIO
[04.04.2026 09:47:18] INFO : Проект proj_1775270968460_2764 успешно загружен из MinIO
[04.04.2026 20:32:29] DEBUG : Вызов функции list_projects с аргументами: (), {}
[04.04.2026 20:32:29] INFO : Запрос списка проектов из MinIO
[04.04.2026 20:32:29] INFO : Найдено 4 проектов в MinIO
